<!DOCTYPE html>
<html lang="en">
<head>
	<meta charset="UTF-8">
	<title>Golden</title>
	<meta name="description" content="This webpage is made by Sergey Bombin using a free PSD template for demonstration purposes only.">
	<meta name="viewport" content="width=device-width, initial-scale=1.0">
	<link rel="icon" href="favicon.ico" type="image/x-icon">
	<link rel="shortcut icon" href="favicon.ico" type="image/x-icon">
	<!-- google fonts -->
	<link href="https://fonts.googleapis.com/css?family=Montserrat:,400,400i,700,700i,900,900i|
	Roboto+Slab:400,700" rel="stylesheet">
	<!-- css -->
	<link rel="stylesheet" href="css/style.css">
</head>
<body>
	<nav class="nav" id="nav">
		<div class="container flex-container">
			<a href="#" class="nav-logo">
				Golden
			</a>
			<ul class="nav-menu">
				<li class="nav-menu_item"><a href="#scrollspy-home">home</a></li>
				<li class="nav-menu_item"><a href="#scrollspy-services">services</a></li>
				<li class="nav-menu_item"><a href="#scrollspy-portfolio">portfolio</a></li>
				<li class="nav-menu_item"><a href="#scrollspy-about">about</a></li>
				<li class="nav-menu_item"><a href="#scrollspy-contact">contact</a></li>
			</ul>

			<div class="nav-menu-trigger">
				<span class="bar1"></span>
				<span class="bar2"></span>
				<span class="bar3"></span>
			</div>
		</div>
	</nav>

	<!-- HERO -->
	<section class="hero" id="scrollspy-home">
		<h2>Welcome To Our Studio!</h2>
		<h1>It's nice to Meet you</h1>
		<a href="#" class="hero-btn"><span>Tell Me More</span></a>
	</section>
	
	<!-- SERVICES -->
	<section class="services" id="scrollspy-services">
		<h2>Services</h2>
		<h6>Proin iaculis purus consequat sem cure.</h6>
		<div class="container flex-container">
			<div class="col-3">
				<div class="services-icon e-commerce">
				</div>
				<h5>E-Commerce</h5>
				<p>Proin iaculis purus consequat sem cure 
digni ssim. Donec porttitora entum suscipit 
aenean rhoncus posuere odio in tincidunt.</p>
			</div>
			<div class="col-3">
				<div class="services-icon responsive">
				</div>
				<h5>Responsive Web</h5>
				<p>Proin iaculis purus consequat sem cure 
digni ssim. Donec porttitora entum suscipit 
aenean rhoncus posuere odio in tincidunt.</p>
			</div>
			<div class="col-3">
				<div class="services-icon security">
				</div>
				<h5>Web Security</h5>
				<p>Proin iaculis purus consequat sem cure 
digni ssim. Donec porttitora entum suscipit 
aenean rhoncus posuere odio in tincidunt.</p>
			</div>
		</div>
	</section>

	<!-- PORTFOLIO -->
	<section class="portfolio" id="scrollspy-portfolio">
		<h2>Our portfolio</h2>
		<h6>Proin iaculis purus consequat sem cure.</h6>
		<div class="container flex-container">
			<figure>
				<img src="images/img1.jpg" alt="">
				<figcaption>
					<h6>Ebony & Ivory</h6>
					<p>Branding</p>
				</figcaption>
			</figure>
			<figure>
				<img src="images/img2.jpg" alt="">
				<figcaption>
					<h6>Smart Stationary</h6>
					<p>Print Design</p>
				</figcaption>
			</figure>
			<figure>
				<img src="images/img3.jpg" alt="">
				<figcaption>
					<h6>Clever Poster</h6>
					<p>Print Design</p>
				</figcaption>
			</figure>
			<figure>
				<img src="images/img4.jpg" alt="">
				<figcaption>
					<h6>Vinyl Record</h6>
					<p>Product Mock-Up</p>
				</figcaption>
			</figure>
			<figure>
				<img src="images/img5.jpg" alt="">
				<figcaption>
					<h6>Treehouse Template</h6>
					<p>Web Design</p>
				</figcaption>
			</figure>
			<figure>
				<img src="images/img6.jpg" alt="">
				<figcaption>
					<h6>Burned Logo</h6>
					<p>Branding</p>
				</figcaption>
			</figure>
		</div>
	</section>

	<!-- ABOUT -->
	<section class="about" id="scrollspy-about">
		<h2>About Us</h2>
		<h6>Proin iaculis purus consequat sem cure.</h6>
		<div class="container">
			<div class="flex-container beginning">
				<div class="about-left">
					<h5><span>July 2010</span><br> Our Humble Beginnings</h5>
					<p>Proin iaculis purus consequat sem cure 
digni ssim. Donec porttitora entum suscipit 
aenean rhoncus posuere odio in tincidunt. Proin 
iaculis purus consequat sem cure digni 
ssim. Donec porttitora entum suscipit.</p>
				</div>
				<div class="about-img">
					<div class="about-img_beginning"></div>
				</div>
				<div class="about-right mobile-hide"></div>
			</div>

			<div class="flex-container">
				<div class="about-left mobile-hide"></div>
				<div class="about-img">
					<div class="about-img_battles"></div>
				</div>
				<div class="about-right">
					<h5><span>January 2011</span> <br>Facing Startup Battles</h5>
					<p>Proin iaculis purus consequat sem cure 
digni ssim. Donec porttitora entum suscipit 
aenean rhoncus posuere odio in tincidunt. Proin 
iaculis purus consequat sem cure digni 
ssim. Donec porttitora entum suscipit aenean 
rhoncus posuere odio in tincidunt.</p>
				</div>
			</div>

			<div class="flex-container">
				<div class="about-left">
					<h5><span>December 2012</span> <br> Enter The Dark Days</h5>
					<p>Proin iaculis purus consequat sem cure 
digni ssim. Donec porttitora entum suscipit 
aenean rhoncus posuere odio in tincidunt. Proin 
iaculis purus consequat sem cure digni.</p>
				</div>
				<div class="about-img">
					<div class="about-img_dark"></div>
				</div>
				<div class="about-right mobile-hide"></div>
			</div>

			<div class="flex-container">
				<div class="about-left mobile-hide"></div>
				<div class="about-img">
					<div class="about-img_triumph"></div>
				</div>
				<div class="about-right">
					<h5><span>february 2014</span> <br>Our Triumph</h5>
					<p>Proin iaculis purus consequat sem cure 
digni ssim. Donec porttitora entum suscipit 
aenean rhoncus posuere odio in tincidunt. Proin 
iaculis purus consequat sem cure digni 
ssim. Donec porttitora entum suscipit aenean.</p>
				</div>
			</div>

			<div class="flex-container">
				<div class="about-left"></div>
				<div class="about-center">
					<div class="about-img_story">
						Our<br>
						Story<br>
						Continues<br>
						...
					</div>
				</div>
				<div class="about-right"></div>
			</div>
		</div>
	</section>

	<!-- TEAM -->
	<section class="team">
		<h2>our amazing team</h2>
		<h6>Proin iaculis purus consequat sem cure.</h6>
		<div class="container flex-container">
			<figure>
				<img src="images/img-team.png" alt="">
				<figcaption>
					<h6>Kimberly Thompson</h6>
					<p>Marketer</p>
				</figcaption>
				<div class="social flex-container">
					<a href="#" class="social-link tweeter"><i></i></a>
					<a href="#" class="social-link facebook"><i></i></a>
					<a href="#" class="social-link pinterest"><i></i></a>
				</div>
			</figure>
			<figure>
				<img src="images/img-team.png" alt="">
				<figcaption>
					<h6>Rico Massimo</h6>
					<p>Coder</p>
				</figcaption>
				<div class="social flex-container">
					<a href="#" class="social-link tweeter"><i></i></a>
					<a href="#" class="social-link facebook"><i></i></a>
					<a href="#" class="social-link google"><i></i></a>
				</div>
			</figure>
			<figure>
				<img src="images/img-team.png" alt="">
				<figcaption>
					<h6>Uku Mason</h6>
					<p>Graphic Designer</p>
				</figcaption>
				<div class="social flex-container">
					<a href="#" class="social-link facebook"><i></i></a>
					<a href="#" class="social-link pinterest"><i></i></a>
				</div>
			</figure>
		</div>
		<p class="team-slogan">Proin iaculis purus consequat sem cure  digni ssim donec porttitora entum suscipit  aenean rhoncus posuere odio in tincidunt proin iaculis.</p>
	</section>

	<!-- CLIENTS -->
	<section class="clients">
		<div class="clients-inner">
			<img src="images/client1.jpg" alt="">
			<img src="images/client2.png" alt="">
			<img src="images/client3.jpg" alt="">
			<img src="images/client4.jpg" alt="">
		</div>
	</section>

	<!-- CONTACT -->
	<section class="contact" id="scrollspy-contact">
		<h2>Contact us</h2>
		<h6>Proin iaculis purus consequat sem cure.</h6>
		<!-- contact form -->
		<div class="container form-wrapper">
			<form action="">
				<div class="flex-container">
					<div class="col-2">
						<input type="text" placeholder="your name *">
						<input type="email" placeholder="your e-mail *">
						<textarea name="subject" id="subject" placeholder="subject"></textarea>
					</div>
					<div class="col-2">
						<textarea name="message" id="message" placeholder="your message *"></textarea>
					</div>
				</div>
				<input type="button" id="submit" value="send message">
			</form>
		</div>
	</section>

	<!-- FOOTER -->
	<footer class="container flex-container">
		<div class="col-3">
			<p class="footer-copyright">Â© Copyright 2014 FreebiesXpress.com</p>
		</div>
		<div class="social flex-container col-3">
			<a href="#" class="social-link tweeter"><i></i></a>
			<a href="#" class="social-link facebook"><i></i></a>
			<a href="#" class="social-link pinterest"><i></i></a>
			<a href="#" class="social-link google"><i></i></a>
		</div>
		<div class="col-3"></div>
	</footer>

	<!-- SCRIPTS -->
	<script src="js/jquery-3.2.1.min.js"></script>
	<script src="js/jquery.js"></script>

</body>
</html>